I_Saw_Her_Standing_There The_Beatles 1963 175
Misery The_Beatles 1963 110
Anna_(Go_To_Him) The_Beatles 1963 177
Chains The_Beatles 1963 146
Boys The_Beatles 1963 147
Ask_Me_Way The_Beatles 1963 147
Please_Please_Me The_Beatles 1963 123
Love_Me_Do The_Beatles 1963 142
P.S._I_Love_You The_Beatles 1963 125
Baby_It's_You The_Beatles 1963 158
Do_You_Want_To_Know_A_Secret The_Beatles 1963 119
A_Taste_Of_Honey The_Beatles 1963 125
There's_A_Place The_Beatles 1963 113
Twist_And_Shout The_Beatles 1963 153
It_Won't_Be_Long The_Beatles 1963 133
All_I've_Got_To_Do The_Beatles 1963 124
All_My_Loving The_Beatles 1963 129
Don't_Bother_Me The_Beatles 1963 149
Little_Child The_Beatles 1963 108
Till_There_Was_You The_Beatles 1963 136
Please_Mister_Postam The_Beatles 1963 156
Roll_Over_Beethoven The_Beatles 1963 167
Hold_Me_Tight The_Beatles 1963 152
You_Really_Got_a_Hold_On_Me The_Beatles 1963 182
I_Wanna_Be_Your_Man The_Beatles 1963 119
Devil_In_Her_Heart The_Beatles 1963 147
Not_A_Second_Time The_Beatles 1963 128
Money The_Beatles 1963 167
A_Hard_Day's_Night The_Beatles 1964 152
I_Should_Have_Know_Better The_Beatles 1964 164
I_Fi_Feel The_Beatles 1964 142
I'm_Happy_Just_To_Dance_W_You The_Beatles 1964 118
And_I_Love_Her The_Beatles 1964 151
Tell_Me_Why The_Beatles 1964 130
Can't_Buy_Me_Love The_Beatles 1964 135
Any_Time_At_All The_Beatles 1964 133
I'll_Cry_Instead The_Beatles 1964 107
Things_We_Said_Today The_Beatles 1964 158
When_I_Get_Home The_Beatles 1964 138
You_Can't_Do_That The_Beatles 1964 157
I'll_Be_Back The_Beatles 1964 140
No_Reply The_Beatles 1964 133
I'm_A_Loser The_Beatles 1964 153
Baby's_In_Black The_Beatles 1964 122
Rock_And_Roll_Music The_Beatles 1964 153
I'll_Follow_The_Sun The_Beatles 1964 111
Mr._Moonlight The_Beatles 1964 157
Eight_Days_A_Week The_Beatles 1964 165
Words_Of_Love The_Beatles 1964 134
Honey_Don't The_Beatles 1964 179
Every_Little_Thing The_Beatles 1964 124
I_Don't_Want_To_Spoil_Th_Party The_Beatles 1964 156
What_You're_Doing The_Beatles 1964 154
EveryBody's_Trying_T_B_My_Baby The_Beatles 1964 144
Help! The_Beatles 1965 141
The_Night_Before The_Beatles 1965 156
You've_Got_To_Hide_Your_Love_A The_Beatles 1965 131
I_Need_You The_Beatles 1965 151
Another_Girl The_Beatles 1965 128
You're_Going_To_Lose_That_Girl The_Beatles 1965 140
Ticket_To_Ride The_Beatles 1965 192
Act_Naturally The_Beatles 1965 153
It's_Only_Love The_Beatles 1965 118
You_Like_Me_Too_Much The_Beatles 1965 158
Tell_Me_What_You_See The_Beatles 1965 159
I've_Just_Seen_a_Face The_Beatles 1965 127
Yesterday The_Beatles 1965 127
Dizzi_Miss_Lizzy The_Beatles 1965 174
Drive_My_Car The_Beatles 1965 150
Norwegian_Wood The_Beatles 1965 125
You__Won't_See_Me The_Beatles 1965 202
Nowhere_Man The_Beatles 1965 164
Think_For_Yourself The_Beatles 1965 139
The_Word The_Beatles 1965 163
Michelle The_Beatles 1965 162
What_Goes_On The_Beatles 1965 170
Girl The_Beatles 1965 153
I'm_Looking_Through_You The_Beatles 1965 147
In_My_Life The_Beatles 1965 148
Wait The_Beatles 1965 137
If_I_Needed_Someone The_Beatles 1965 143
Run_For_Your_Life The_Beatles 1965 138
Taxman The_Beatles 1966 159
Eleanor_Rigby The_Beatles 1966 127
I'm_Only_Sleeping The_Beatles 1966 181
Love_You_To The_Beatles 1966 181
Here_There_And_Everywhere The_Beatles 1966 146
Yellow_Submarine The_Beatles 1966 160
She_Said_She_Said The_Beatles 1966 157
Good_Day_Sunshine The_Beatles 1966 129
And_Your_Bird_Can_Sing The_Beatles 1966 121
For_No_One The_Beatles 1966 121
Doctor_Robert The_Beatles 1966 135
I_Want_To_Tell_You The_Beatles 1966 149
Got_To_Get_You_Into_My_Life The_Beatles 1966 150
Tomorrow_Never_Knows The_Beatles 1966 177
Sgt.Peppers_Lonely_Heart_CBand The_Beatles 1967 122
With_a_Little_Help_F_My_Friend The_Beatles 1967 155
Lucy_In_The_Sky_With_Diamonds The_Beatles 1967 208
Getting_Better The_Beatles 1967 167
Fixing_A_Hole The_Beatles 1967 156
She's_Leaving_Home The_Beatles 1967 214
Being_For_The_Benefit_O_M.Kite The_Beatles 1967 157
Whithin_You_Without_You The_Beatles 1967 304
When_I'm_Sixty_Four The_Beatles 1967 157
Lonely_Rita The_Beatles 1967 162
Good_Morning_Good_Morning The_Beatles 1967 161
Sgt.Peppers_Lonely_Heart_CBand The_Beatles 1967 79
A_Day_In_The_Life The_Beatles 1967 329
Magical_Mystery_Tour The_Beatles 1967 171
The_Fool_On_The_Hill The_Beatles 1967 180
Flying The_Beatles 1967 137
Blue_Jay_Way The_Beatles 1967 236
Your_Mother_Should_Know The_Beatles 1967 149
I_Am_The_Walrus The_Beatles 1967 276
Hello_Good_Bye The_Beatles 1967 211
Strawberry_Fields_Forever The_Beatles 1967 250
Penny_Lane The_Beatles 1967 183
Baby_You're_A_Rich_Man The_Beatles 1967 183
All_You_Need_Is_Love The_Beatles 1967 228
Back_In_The_U.S.S.R The_Beatles 1968 163
Dear_Prudence The_Beatles 1968 236
Glass_Onion The_Beatles 1968 138
Ob-Bla-Di_Ob-La-Da The_Beatles 1968 188
Wild_Honey_Pie The_Beatles 1968 53
The_Continuing_Story_Of_B.Bill The_Beatles 1968 194
While_My_Guitar_Gently_Weeps The_Beatles 1968 285
Happiness_Is_A_Worm_Gun The_Beatles 1968 163
Martha_My_Dear The_Beatles 1968 148
I'm_So_Tired The_Beatles 1968 123
BlackBird The_Beatles 1968 138
Piggies The_Beatles 1968 124
Rocky_Raccoon The_Beatles 1968 212
Don't_Pass_Me_By The_Beatles 1968 230
Why_Don't_We_Do_It_In_Th_Road? The_Beatles 1968 101
I_Will The_Beatles 1968 106
Julia The_Beatles 1968 174
Birthday The_Beatles 1968 162
Yer_Blues The_Beatles 1968 241
Mother_Nature's_Son The_Beatles 1968 168
Every_Body's_Got_Somethi_T_Hid The_Beatles 1968 144
Sexy_Sadie The_Beatles 1968 195
Helter_Skelter The_Beatles 1968 269
Revolution_1 The_Beatles 1968 255
Honey_Pie The_Beatles 1968 161
Savoy_Truffle The_Beatles 1968 174
Cry_Baby_Cry The_Beatles 1968 181
Revolution_9 The_Beatles 1968 501
Good_Night The_Beatles 1968 191
Yellow_Submarine The_Beatles 1969 162
Only_A_Northerm_Song The_Beatles 1969 207
All_Together_Now The_Beatles 1969 133
Hey_Bulldog The_Beatles 1969 194
It's_All_too_Much The_Beatles 1969 387
All_You_Need_Is_Love The_Beatles 1969 232
Pepperland The_Beatles 1969 144
Sea_Of_Time The_Beatles 1969 180
Sea_Of_Holes The_Beatles 1969 140
Sea_Of_Monsters The_Beatles 1969 219
March_Of_The_Meanies The_Beatles 1969 142
Pepperland_Laid_Waste The_Beatles 1969 135
Yellow_Submarine_In_Pepperland The_Beatles 1969 131
Come_Together The_Beatles 1969 260
Something The_Beatles 1969 183
Maxwell's_Silver_Hammer The_Beatles 1969 207
Oh!_Darling The_Beatles 1969 206
Octopus's_Garden The_Beatles 1969 171
I_Want_You_(She's_So_Heavy) The_Beatles 1969 463
Here_Come_The_Sun The_Beatles 1969 185
Because The_Beatles 1969 165
You_Never_Give_Me_Your_Money The_Beatles 1969 242
Sun_King The_Beatles 1969 146
Mean_Mr._Mustard The_Beatles 1969 66
Polythene_Pam The_Beatles 1969 72
She_Came_In_through_T.Bath The_Beatles 1969 117
Golden_Slumbers The_Beatles 1969 91
Carry_That_Weight The_Beatles 1969 97
The_End The_Beatles 1969 123
Her_Majesty The_Beatles 1969 23
Hey_Jude The_Beatles 1970 427
Old_Brown_Shoe The_Beatles 1970 197
Don't_Let_Me_Down The_Beatles 1970 213
Ballad_Of_John_And_Yoko The_Beatles 1970 176
Can't_Buy_Me_Love The_Beatles 1970 131
I_Should_Have_Known_Better The_Beatles 1970 160
Paperback_Writer The_Beatles 1970 137
Rain The_Beatles 1970 180
Lady_Madonna The_Beatles 1970 139
Revolution The_Beatles 1970 203
Two_Of_Us The_Beatles 1970 216
Dig_A_Pony The_Beatles 1970 234
Across_The_Universe The_Beatles 1970 228
I_Me_Mine The_Beatles 1970 145
Dig_It The_Beatles 1970 50
Let_It_Be The_Beatles 1970 243
Maggie_Mae The_Beatles 1970 40
I've_Got_A_Feeling The_Beatles 1970 217
One_After_909 The_Beatles 1970 175
The_Long_And_Winding_Road The_Beatles 1970 217
For_You_Blue The_Beatles 1970 152
Get_Back The_Beatles 1970 187
