GIMME_SOME_LOVIN QUEEN 1986 55
BIG_SPENDER QUEEN 1986 66
LOZING_ON_A_SUNDAY_AFTERNOON QUEEN 1975 67
GOD_SAVE_THE_QUEEN QUEEN 1975 73
SEVEN_SEAS_OF_RHYE QUEEN 1986 78
GOD_SAVE_THE_QUEEN QUEEN 1986 87
YOU'RE_SO_SQUARE QUEEN 1986 96
HELLO_MARY_LOU QUEEN 1986 111
We_Will_Rock_You QUEEN 1981 120
FRIENDS_WILL_BE_FRIENDS QUEEN 1986 126
TEAR_IT_UP QUEEN 1986 132
SEASIDE_RENDEZVOUS QUEEN 1975 135
Crazy_Little_Thing_Called_Lov QUEEN 1981 162
IN_THE_LAP_OF_THE_GODS QUEEN 1986 164
Flash QUEEN 1981 167
WE_WILL_ROCK_YOU QUEEN 1986 168
Seven_SeasOf_Rhye QUEEN 1981 169
You're_My_Best_Friend QUEEN 1981 170
YPU'RE_MY_BEST_FRIEND QUEEN 1975 172
Good_Old_._FashionedLover_Boy QUEEN 1981 173
TUTTI_FRUTTI QUEEN 1986 174
IMPROMPTU QUEEN 1986 177
IS_THIS_THE_WORLD_WE_CREATED QUEEN 1986 178
Killer_Queen QUEEN 1981 180
We_Are_The_Champions QUEEN 1981 180
Bicycle_Race QUEEN 1981 181
I'M_IN_LOVE_WITH_MY_CAR QUEEN 1975 185
Fat_Bottomed_Girls QUEEN 1981 202
GOOD_COMPANY QUEEN 1975 203
Don't_Stop_Me_Now QUEEN 1981 208
Play_The_Game QUEEN 1981 210
AnotherOne_Bites_The_Dust QUEEN 1981 214
I_WANT_TO_BREAK_FREE QUEEN 1986 214
LOVE_OF_MY_LIFE QUEEN 1975 218
Hammer_To_Fall QUEEN 1991 219
UNDER_PRESSURE QUEEN 1986 221
DEATH_ON_TWO_LEGS QUEEN 1975 224
Save_Me QUEEN 1981 227
I'M_YOUR_MOTHER_DOWN QUEEN 1986 232
Under_Pressure QUEEN 1991 235
The_Invible_Man QUEEN 1991 236
A_Want_It_All QUEEN 1991 240
One_Vision QUEEN 1991 241
SWEET_LADY QUEEN 1975 243
WE_ARE_THE_CHAMPIONS QUEEN 1986 245
I'm_Going_Slightly_Mad QUEEN 1991 247
Friends_Will_Be_Friends QUEEN 1991 247
It's_A_Hard_Life QUEEN 1991 248
Breakthru QUEEN 1991 248
Now_I'm_Here QUEEN 1981 252
I_Want_To_Break_Free QUEEN 1991 257
A_Kind_Of_Magic QUEEN 1991 260
The_Show_Must_Go_On QUEEN 1991 262
Headlong QUEEN 1991 270
LOVE_OF_MY_LIFE QUEEN 1986 289
The_Miracle QUEEN 1991 293
ANOTHER_ONE_BITES_THE_DUST QUEEN 1986 294
Who_Wants_To_Live_Forever QUEEN 1991 295
Somebody_To_Love QUEEN 1981 296
WHO_WANTS_TO_LIVE_FOREVER QUEEN 1986 316
Radio_Ga_Ga QUEEN 1991 341
BOHEMIAN__RHAPSODY QUEEN 1986 350
ONE_VISION QUEEN 1986 351
BOHEMIAN_RHAPSODY QUEEN 1975 354
Bohemian_Rhapsody QUEEN 1981 355
HAMMER_TO_FALL QUEEN 1986 357
RADIO_GA_GA QUEEN 1986 357
CRAZY_LITTLE_THING_CALLED_LOV QUEEN 1986 366
NOW_I'M_HERE QUEEN 1986 380
Innuendo QUEEN 1991 385
THE_PROPHET'S_SONG QUEEN 1975 500
A_KIND_OF_MAGIC QUEEN 1986 522
BRIGHTON_ROCK_SOLO QUEEN 1986 551
